// Jest Snapshot v1, https://goo.gl/fbAQLP

exports[`Test presence of navigation header renders the navigation correctly 1`] = `null`;
